natal@NataliaJLaptop MINGW64 ~/OneDrive/Документы/Git_trainings1/NataliaJambaeva (main)
$ git add .

natal@NataliaJLaptop MINGW64 ~/OneDrive/Документы/Git_trainings1/NataliaJambaeva (main)
$ git commit -m "Adding my portfolio"
[main dd36a0a] Adding my portfolio
 1 file changed, 90 insertions(+), 10 deletions(-)

natal@NataliaJLaptop MINGW64 ~/OneDrive/Документы/Git_trainings1/NataliaJambaeva (main)
$ git push
Enumerating objects: 5, done.
Counting objects: 100% (5/5), done.
Delta compression using up to 12 threads
Compressing objects: 100% (2/2), done.
Writing objects: 100% (3/3), 2.27 KiB | 1.13 MiB/s, done.
Total 3 (delta 0), reused 0 (delta 0), pack-reused 0
To https://github.com/NataliaJambaeva/NataliaJambaeva.git
   44af422..dd36a0a  main -> main
   $ git add .
   natal@NataliaJLaptop MINGW64 ~/OneDrive/Документы/Git_trainings1/NataliaJambaeva (main)
$ git commit -m "Adding information about me"
[main 06b6504] Adding information about me
 1 file changed, 0 insertions(+), 0 deletions(-)
 create mode 100644 test.portfolio.txt

natal@NataliaJLaptop MINGW64 ~/OneDrive/Документы/Git_trainings1/NataliaJambaeva (main)
$ git push
Enumerating objects: 4, done.
Counting objects: 100% (4/4), done.
Delta compression using up to 12 threads
Compressing objects: 100% (2/2), done.
Writing objects: 100% (3/3), 301 bytes | 301.00 KiB/s, done.
Total 3 (delta 0), reused 0 (delta 0), pack-reused 0
To https://github.com/NataliaJambaeva/NataliaJambaeva.git
   dd36a0a..06b6504  main -> main
   natal@NataliaJLaptop MINGW64 ~/OneDrive/Документы/Git_trainings1/NataliaJambaeva (main)
$ git add . 

natal@NataliaJLaptop MINGW64 ~/OneDrive/Документы/Git_trainings1/NataliaJambaeva (main)
$ git commit -ma "Changing language contact me"
error: pathspec 'Changing language contact me' did not match any file(s) known to git

natal@NataliaJLaptop MINGW64 ~/OneDrive/Документы/Git_trainings1/NataliaJambaeva (main)
$ git commit -m "Changing language in contact me"
[main 409e864] Changing language in contact me
 2 files changed, 39 insertions(+), 4 deletions(-)

natal@NataliaJLaptop MINGW64 ~/OneDrive/Документы/Git_trainings1/NataliaJambaeva (main)
$ git push
Enumerating objects: 7, done.
Counting objects: 100% (7/7), done.
Delta compression using up to 12 threads
Compressing objects: 100% (4/4), done.
Writing objects: 100% (4/4), 1.20 KiB | 617.00 KiB/s, done.
Total 4 (delta 1), reused 0 (delta 0), pack-reused 0
remote: Resolving deltas: 100% (1/1), completed with 1 local object.
To https://github.com/NataliaJambaeva/NataliaJambaeva.git
   06b6504..409e864  main -> main